// Jest Snapshot v1, https://goo.gl/fbAQLP

exports[`Display renders correctly 1`] = `
<main>
  <div
    id="navbar"
  >
    <h1>
      Math-magicians
    </h1>
    <ul>
      <li>
        <a
          href="/"
          onClick={[Function]}
        >
          Home
        </a>
      </li>
      <li>
        <a
          href="/app"
          onClick={[Function]}
        >
          App
        </a>
      </li>
      <li>
        <a
          href="/quote"
          onClick={[Function]}
        >
          Quote
        </a>
      </li>
    </ul>
  </div>
  <div
    id="outer-container"
  >
    <div
      id="home"
    >
      <h2>
        Welcome to Math-magicians!!!
      </h2>
      <p>
        Lorem ipsum dolor sit amet, consectetur adipiscing elit. Vivamus euismod quis turpis viverra dictum. Suspendisse nibh justo, porta vitae lorem ac, rhoncus ultricies nibh. Quisque accumsan maximus libero, vel vulputate augue venenatis id. Orci varius natoque penatibus et magnis dis parturient montes, nascetur ridiculus mus. Fusce sapien nulla, ullamcorper eu eros vitae, auctor condimentum elit. Praesent sit amet magna massa. Nunc suscipit fermentum bibendum. Curabitur pulvinar, quam facilisis mattis mattis, risus metus ultricies ex, non porttitor nulla felis et nunc. Duis vel leo felis. Nulla volutpat luctus mi sed mollis.
      </p>
      <p>
        Donec tincidunt condimentum dolor, vel pellentesque magna volutpat eu. Morbi ultrices maximus quam, a lobortis tortor consectetur sit amet. Ut quis metus eleifend, fringilla dolor ut, luctus ante. Cras condimentum at dolor in venenatis. Aenean porta et lorem eget ultricies. Praesent non dolor eu libero sollicitudin rhoncus. Phasellus quis ante efficitur, malesuada massa id, feugiat erat. Nulla at nibh erat.
      </p>
    </div>
  </div>
</main>
`;
